// Jest Snapshot v1, https://goo.gl/fbAQLP

exports[`TextInput should render 1`] = `
<input
  onChange={[Function]}
  value=""
/>
`;
