// Jest Snapshot v1, https://goo.gl/fbAQLP

exports[`Parent should render 1`] = `
<div>
  <input
    onChange={[Function]}
    value=""
  />
</div>
`;
